Archive member included because of file (symbol)

d:/program files (x86)/gnu tools arm embedded/4.8 2013q4/bin/../lib/gcc/arm-none-eabi/4.8.3/../../../../arm-none-eabi/lib/armv7e-m\libc.a(lib_a-exit.o)
                              d:/program files (x86)/gnu tools arm embedded/4.8 2013q4/bin/../lib/gcc/arm-none-eabi/4.8.3/../../../../arm-none-eabi/lib/armv7e-m/crt0.o (exit)
d:/program files (x86)/gnu tools arm embedded/4.8 2013q4/bin/../lib/gcc/arm-none-eabi/4.8.3/../../../../arm-none-eabi/lib/armv7e-m\libc.a(lib_a-impure.o)
                              d:/program files (x86)/gnu tools arm embedded/4.8 2013q4/bin/../lib/gcc/arm-none-eabi/4.8.3/../../../../arm-none-eabi/lib/armv7e-m\libc.a(lib_a-exit.o) (_global_impure_ptr)
d:/program files (x86)/gnu tools arm embedded/4.8 2013q4/bin/../lib/gcc/arm-none-eabi/4.8.3/../../../../arm-none-eabi/lib/armv7e-m\libc.a(lib_a-init.o)
                              d:/program files (x86)/gnu tools arm embedded/4.8 2013q4/bin/../lib/gcc/arm-none-eabi/4.8.3/../../../../arm-none-eabi/lib/armv7e-m/crt0.o (__libc_init_array)
d:/program files (x86)/gnu tools arm embedded/4.8 2013q4/bin/../lib/gcc/arm-none-eabi/4.8.3/../../../../arm-none-eabi/lib/armv7e-m\libc.a(lib_a-memset.o)
                              d:/program files (x86)/gnu tools arm embedded/4.8 2013q4/bin/../lib/gcc/arm-none-eabi/4.8.3/../../../../arm-none-eabi/lib/armv7e-m/crt0.o (memset)
d:/program files (x86)/gnu tools arm embedded/4.8 2013q4/bin/../lib/gcc/arm-none-eabi/4.8.3/../../../../arm-none-eabi/lib/armv7e-m\libc.a(lib_a-__call_atexit.o)
                              d:/program files (x86)/gnu tools arm embedded/4.8 2013q4/bin/../lib/gcc/arm-none-eabi/4.8.3/../../../../arm-none-eabi/lib/armv7e-m\libc.a(lib_a-exit.o) (__call_exitprocs)
d:/program files (x86)/gnu tools arm embedded/4.8 2013q4/bin/../lib/gcc/arm-none-eabi/4.8.3/../../../../arm-none-eabi/lib/armv7e-m\libc.a(lib_a-atexit.o)
                              d:/program files (x86)/gnu tools arm embedded/4.8 2013q4/bin/../lib/gcc/arm-none-eabi/4.8.3/../../../../arm-none-eabi/lib/armv7e-m\libc.a(lib_a-__call_atexit.o) (atexit)
d:/program files (x86)/gnu tools arm embedded/4.8 2013q4/bin/../lib/gcc/arm-none-eabi/4.8.3/../../../../arm-none-eabi/lib/armv7e-m\libc.a(lib_a-fini.o)
                              d:/program files (x86)/gnu tools arm embedded/4.8 2013q4/bin/../lib/gcc/arm-none-eabi/4.8.3/../../../../arm-none-eabi/lib/armv7e-m\libc.a(lib_a-__call_atexit.o) (__libc_fini_array)
d:/program files (x86)/gnu tools arm embedded/4.8 2013q4/bin/../lib/gcc/arm-none-eabi/4.8.3/../../../../arm-none-eabi/lib/armv7e-m\libc.a(lib_a-__atexit.o)
                              d:/program files (x86)/gnu tools arm embedded/4.8 2013q4/bin/../lib/gcc/arm-none-eabi/4.8.3/../../../../arm-none-eabi/lib/armv7e-m\libc.a(lib_a-atexit.o) (__register_exitproc)

Allocating common symbols
Common symbol       size              file

TXbuffer            0x14              ./src/main_newbuffer7seg.o
SMClk_pulse         0x4               ./src/steppermotor.o
currentState        0x2               ./src/steppermotor.o
srClk_T             0x4               ./src/sevenseg.o
RxRingBuf           0x58              ./src/main_newbuffer7seg.o
srClk_pulse         0x4               ./src/sevenseg.o
TxRingBuf           0x34              ./src/main_newbuffer7seg.o
TimingDelay         0x4               ./src/main_newbuffer7seg.o
LCD_TimingDelay     0x4               ./src/chardisplay.o
SevenSeg_PrescalerValue
                    0x4               ./src/sevenseg.o
RXbyte              0x1               ./src/main_newbuffer7seg.o
NVIC_InitStructure  0x4               ./STM32F401_DISCOVERY/stm32f401_discovery.o
Stepper_PrescalerValue
                    0x4               ./src/steppermotor.o
rxval               0x2               ./src/main_newbuffer7seg.o
SMClk_T             0x4               ./src/steppermotor.o

Discarded input sections

 .text          0x00000000        0x0 d:/program files (x86)/gnu tools arm embedded/4.8 2013q4/bin/../lib/gcc/arm-none-eabi/4.8.3/armv7e-m/crti.o
 .data          0x00000000        0x0 d:/program files (x86)/gnu tools arm embedded/4.8 2013q4/bin/../lib/gcc/arm-none-eabi/4.8.3/armv7e-m/crti.o
 .bss           0x00000000        0x0 d:/program files (x86)/gnu tools arm embedded/4.8 2013q4/bin/../lib/gcc/arm-none-eabi/4.8.3/armv7e-m/crti.o
 .data          0x00000000        0x4 d:/program files (x86)/gnu tools arm embedded/4.8 2013q4/bin/../lib/gcc/arm-none-eabi/4.8.3/armv7e-m/crtbegin.o
 .text          0x00000000       0x74 d:/program files (x86)/gnu tools arm embedded/4.8 2013q4/bin/../lib/gcc/arm-none-eabi/4.8.3/../../../../arm-none-eabi/lib/armv7e-m/crt0.o
 .data          0x00000000        0x0 d:/program files (x86)/gnu tools arm embedded/4.8 2013q4/bin/../lib/gcc/arm-none-eabi/4.8.3/../../../../arm-none-eabi/lib/armv7e-m/crt0.o
[...]
Memory Configuration

Name             Origin             Length             Attributes
FLASH            0x08000000         0x00040000         xr
RAM              0x20000000         0x00010000         xrw
MEMORY_B1        0x60000000         0x00000000         xr
CCMRAM           0x10000000         0x00000000         rw
*default*        0x00000000         0xffffffff

Linker script and memory map

LOAD d:/program files (x86)/gnu tools arm embedded/4.8 2013q4/bin/../lib/gcc/arm-none-eabi/4.8.3/armv7e-m/crti.o
LOAD d:/program files (x86)/gnu tools arm embedded/4.8 2013q4/bin/../lib/gcc/arm-none-eabi/4.8.3/armv7e-m/crtbegin.o
LOAD d:/program files (x86)/gnu tools arm embedded/4.8 2013q4/bin/../lib/gcc/arm-none-eabi/4.8.3/../../../../arm-none-eabi/lib/armv7e-m/crt0.o
LOAD ./uartbuffer/uartbuffer.o
LOAD ./src/chardisplay.o
LOAD ./src/main_newbuffer7seg.o
LOAD ./src/sevenseg.o
LOAD ./src/steppermotor.o
LOAD ./src/stm32f4xx_it.o
LOAD ./src/system_stm32f4xx.o
LOAD ./StdPeriph_Lib/misc.o
LOAD ./StdPeriph_Lib/stm32f4xx_adc.o
LOAD ./StdPeriph_Lib/stm32f4xx_can.o
LOAD ./StdPeriph_Lib/stm32f4xx_crc.o
LOAD ./StdPeriph_Lib/stm32f4xx_cryp.o
LOAD ./StdPeriph_Lib/stm32f4xx_cryp_aes.o
LOAD ./StdPeriph_Lib/stm32f4xx_cryp_des.o
LOAD ./StdPeriph_Lib/stm32f4xx_cryp_tdes.o
LOAD ./StdPeriph_Lib/stm32f4xx_dac.o
LOAD ./StdPeriph_Lib/stm32f4xx_dbgmcu.o
LOAD ./StdPeriph_Lib/stm32f4xx_dcmi.o
LOAD ./StdPeriph_Lib/stm32f4xx_dma.o
LOAD ./StdPeriph_Lib/stm32f4xx_dma2d.o
LOAD ./StdPeriph_Lib/stm32f4xx_exti.o
LOAD ./StdPeriph_Lib/stm32f4xx_flash.o
LOAD ./StdPeriph_Lib/stm32f4xx_gpio.o
LOAD ./StdPeriph_Lib/stm32f4xx_hash.o
LOAD ./StdPeriph_Lib/stm32f4xx_hash_md5.o
LOAD ./StdPeriph_Lib/stm32f4xx_hash_sha1.o
LOAD ./StdPeriph_Lib/stm32f4xx_i2c.o
LOAD ./StdPeriph_Lib/stm32f4xx_iwdg.o
LOAD ./StdPeriph_Lib/stm32f4xx_ltdc.o
LOAD ./StdPeriph_Lib/stm32f4xx_pwr.o
LOAD ./StdPeriph_Lib/stm32f4xx_rcc.o
LOAD ./StdPeriph_Lib/stm32f4xx_rng.o
LOAD ./StdPeriph_Lib/stm32f4xx_rtc.o
LOAD ./StdPeriph_Lib/stm32f4xx_sai.o
LOAD ./StdPeriph_Lib/stm32f4xx_sdio.o
LOAD ./StdPeriph_Lib/stm32f4xx_spi.o
LOAD ./StdPeriph_Lib/stm32f4xx_syscfg.o
LOAD ./StdPeriph_Lib/stm32f4xx_tim.o
LOAD ./StdPeriph_Lib/stm32f4xx_usart.o
LOAD ./StdPeriph_Lib/stm32f4xx_wwdg.o
LOAD ./Startup/startup_stm32f401xx.o
LOAD ./STM32F401_DISCOVERY/stm32f401_discovery.o
LOAD ./STM32F401_DISCOVERY/stm32f401_discovery_l3gd20.o
LOAD ./STM32F401_DISCOVERY/stm32f401_discovery_lsm303dlhc.o
START GROUP
LOAD d:/program files (x86)/gnu tools arm embedded/4.8 2013q4/bin/../lib/gcc/arm-none-eabi/4.8.3/armv7e-m\libgcc.a
LOAD d:/program files (x86)/gnu tools arm embedded/4.8 2013q4/bin/../lib/gcc/arm-none-eabi/4.8.3/../../../../arm-none-eabi/lib/armv7e-m\libc.a
END GROUP
LOAD d:/program files (x86)/gnu tools arm embedded/4.8 2013q4/bin/../lib/gcc/arm-none-eabi/4.8.3/armv7e-m/crtend.o
LOAD d:/program files (x86)/gnu tools arm embedded/4.8 2013q4/bin/../lib/gcc/arm-none-eabi/4.8.3/armv7e-m/crtn.o
                0x2000ffff                _estack = 0x2000ffff
                0x00000000                _Min_Heap_Size = 0x0
                0x00000400                _Min_Stack_Size = 0x400

.isr_vector     0x08000000      0x188
                0x08000000                . = ALIGN (0x4)
 *(.isr_vector)
 .isr_vector    0x08000000      0x188 ./Startup/startup_stm32f401xx.o
                0x08000000                g_pfnVectors
                0x08000188                . = ALIGN (0x4)

.text           0x08000188     0x21c0
                0x08000188                . = ALIGN (0x4)
 *(.text)
 .text          0x08000188       0x54 d:/program files (x86)/gnu tools arm embedded/4.8 2013q4/bin/../lib/gcc/arm-none-eabi/4.8.3/armv7e-m/crtbegin.o
 *(.text*)
 .text.Rx_BufInit
                0x080001dc       0x28 ./uartbuffer/uartbuffer.o
                0x080001dc                Rx_BufInit
 .text.Rx_AddToBuf
                0x08000204       0x78 ./uartbuffer/uartbuffer.o
                0x08000204                Rx_AddToBuf
 .text.Rx_ReadFromBuf
                0x0800027c       0x60 ./uartbuffer/uartbuffer.o
                0x0800027c                Rx_ReadFromBuf
 .text.LCD_PinInit
                0x080002dc       0x5c ./src/chardisplay.o
                0x080002dc                LCD_PinInit
 .text.LCD_BusyPinInit
                0x08000338       0x38 ./src/chardisplay.o
                0x08000338                LCD_BusyPinInit
 .text.LCD_Setup
                0x08000370       0x80 ./src/chardisplay.o
                0x08000370                LCD_Setup
 .text.LCD_SetData
                0x080003f0       0x48 ./src/chardisplay.o
                0x080003f0                LCD_SetData
 .text.LCD_SetCtrl
                0x08000438       0x28 ./src/chardisplay.o
                0x08000438                LCD_SetCtrl
 .text.LCD_DoFunc
                0x08000460       0x40 ./src/chardisplay.o
                0x08000460                LCD_DoFunc
 .text.LCD_BusyWait
                0x080004a0       0x5c ./src/chardisplay.o
                0x080004a0                LCD_BusyWait
 .text.LCD_OnSequence
                0x080004fc       0x58 ./src/chardisplay.o
                0x080004fc                LCD_OnSequence
 .text.LCD_InsertChar
                0x08000554       0x1c ./src/chardisplay.o
                0x08000554                LCD_InsertChar
 .text.LCD_GotoAddr
                0x08000570       0x24 ./src/chardisplay.o
                0x08000570                LCD_GotoAddr
 .text.LCD_Pulse
                0x08000594       0x20 ./src/chardisplay.o
                0x08000594                LCD_Pulse
 .text.LCD_SetPin
                0x080005b4       0x4c ./src/chardisplay.o
                0x080005b4                LCD_SetPin
 .text.LCD_PinHigh
                0x08000600       0x30 ./src/chardisplay.o
                0x08000600                LCD_PinHigh
 .text.LCD_PinLow
                0x08000630       0x30 ./src/chardisplay.o
                0x08000630                LCD_PinLow
 .text.LCD_TimingDelay_Decrement
                0x08000660       0x24 ./src/chardisplay.o
                0x08000660                LCD_TimingDelay_Decrement
 .text.NVIC_SetPriority
                0x08000684       0x54 ./src/main_newbuffer7seg.o
 .text.SysTick_Config
                0x080006d8       0x44 ./src/main_newbuffer7seg.o
 .text.main     0x0800071c      0x2e0 ./src/main_newbuffer7seg.o
                0x0800071c                main
 .text.Delay    0x080009fc       0x28 ./src/main_newbuffer7seg.o
                0x080009fc                Delay
 .text.TimingDelay_Decrement
                0x08000a24       0x24 ./src/main_newbuffer7seg.o
                0x08000a24                TimingDelay_Decrement
 .text.USART2_IRQHandler
                0x08000a48       0x6c ./src/main_newbuffer7seg.o
                0x08000a48                USART2_IRQHandler
 .text.BufferSend
                0x08000ab4       0x58 ./src/main_newbuffer7seg.o
                0x08000ab4                BufferSend
 .text.BufferInit
                0x08000b0c       0x44 ./src/main_newbuffer7seg.o
                0x08000b0c                BufferInit
 .text.Sevenseg_PinInit
                0x08000b50       0x5c ./src/sevenseg.o
                0x08000b50                Sevenseg_PinInit
 .text.Dig_PinInit
                0x08000bac       0x5c ./src/sevenseg.o
                0x08000bac                Dig_PinInit
 .text.Dig_PinHigh
                0x08000c08       0x30 ./src/sevenseg.o
                0x08000c08                Dig_PinHigh
 .text.Dig_PinLow
                0x08000c38       0x30 ./src/sevenseg.o
                0x08000c38                Dig_PinLow
 .text.Sevenseg_PinHigh
                0x08000c68       0x30 ./src/sevenseg.o
                0x08000c68                Sevenseg_PinHigh
 .text.Sevenseg_PinLow
                0x08000c98       0x30 ./src/sevenseg.o
                0x08000c98                Sevenseg_PinLow
 .text.Sevenseg_TimInit
                0x08000cc8      0x120 ./src/sevenseg.o
                0x08000cc8                Sevenseg_TimInit
 .text.Sevenseg_Setup
                0x08000de8       0x6c ./src/sevenseg.o
                0x08000de8                Sevenseg_Setup
 .text.Sevenseg_On
                0x08000e54       0x24 ./src/sevenseg.o
                0x08000e54                Sevenseg_On
 .text.Sevenseg_Off
                0x08000e78       0x18 ./src/sevenseg.o
                0x08000e78                Sevenseg_Off
 .text.Sevenseg_Update
                0x08000e90       0x1c ./src/sevenseg.o
                0x08000e90                Sevenseg_Update
 .text.GenerateDigits
                0x08000eac       0x78 ./src/sevenseg.o
                0x08000eac                GenerateDigits
 .text.TIM4_IRQHandler
                0x08000f24       0xfc ./src/sevenseg.o
                0x08000f24                TIM4_IRQHandler
 .text.SM_PinInit
                0x08001020       0x5c ./src/steppermotor.o
                0x08001020                SM_PinInit
 .text.SM_Setup
                0x0800107c       0x58 ./src/steppermotor.o
                0x0800107c                SM_Setup
 .text.SM_TimInit
                0x080010d4       0x9c ./src/steppermotor.o
                0x080010d4                SM_TimInit
 .text.SM_Enable
                0x08001170       0x20 ./src/steppermotor.o
                0x08001170                SM_Enable
 .text.SM_Disable
                0x08001190       0x28 ./src/steppermotor.o
                0x08001190                SM_Disable
 .text.SM_TimerStop
                0x080011b8       0x14 ./src/steppermotor.o
                0x080011b8                SM_TimerStop
 .text.SM_TimerBackward
                0x080011cc       0x20 ./src/steppermotor.o
                0x080011cc                SM_TimerBackward
 .text.SM_PinHigh
                0x080011ec       0x30 ./src/steppermotor.o
                0x080011ec                SM_PinHigh
 .text.SM_PinLow
                0x0800121c       0x30 ./src/steppermotor.o
                0x0800121c                SM_PinLow
 .text.SM_StepForward
                0x0800124c       0x58 ./src/steppermotor.o
                0x0800124c                SM_StepForward
 .text.SM_StepBackward
                0x080012a4       0x54 ./src/steppermotor.o
                0x080012a4                SM_StepBackward
 .text.TIM3_IRQHandler
                0x080012f8       0x48 ./src/steppermotor.o
                0x080012f8                TIM3_IRQHandler
 .text.NMI_Handler
                0x08001340        0xc ./src/stm32f4xx_it.o
                0x08001340                NMI_Handler
 .text.HardFault_Handler
                0x0800134c        0x8 ./src/stm32f4xx_it.o
                0x0800134c                HardFault_Handler
 .text.MemManage_Handler
                0x08001354        0x8 ./src/stm32f4xx_it.o
                0x08001354                MemManage_Handler
 .text.BusFault_Handler
                0x0800135c        0x8 ./src/stm32f4xx_it.o
                0x0800135c                BusFault_Handler
 .text.UsageFault_Handler
                0x08001364        0x8 ./src/stm32f4xx_it.o
                0x08001364                UsageFault_Handler
 .text.SVC_Handler
                0x0800136c        0xc ./src/stm32f4xx_it.o
                0x0800136c                SVC_Handler
 .text.DebugMon_Handler
                0x08001378        0xc ./src/stm32f4xx_it.o
                0x08001378                DebugMon_Handler
 .text.PendSV_Handler
                0x08001384        0xc ./src/stm32f4xx_it.o
                0x08001384                PendSV_Handler
 .text.SysTick_Handler
                0x08001390       0x10 ./src/stm32f4xx_it.o
                0x08001390                SysTick_Handler
 .text.SystemInit
                0x080013a0       0x58 ./src/system_stm32f4xx.o
                0x080013a0                SystemInit
 .text.SetSysClock
                0x080013f8      0x124 ./src/system_stm32f4xx.o
 .text.NVIC_PriorityGroupConfig
                0x0800151c       0x24 ./StdPeriph_Lib/misc.o
                0x0800151c                NVIC_PriorityGroupConfig
 .text.NVIC_Init
                0x08001540       0xbc ./StdPeriph_Lib/misc.o
                0x08001540                NVIC_Init
 .text.GPIO_Init
                0x080015fc      0x11c ./StdPeriph_Lib/stm32f4xx_gpio.o
                0x080015fc                GPIO_Init
 .text.GPIO_ReadInputDataBit
                0x08001718       0x34 ./StdPeriph_Lib/stm32f4xx_gpio.o
                0x08001718                GPIO_ReadInputDataBit
 .text.GPIO_SetBits
                0x0800174c       0x1c ./StdPeriph_Lib/stm32f4xx_gpio.o
                0x0800174c                GPIO_SetBits
 .text.GPIO_ResetBits
                0x08001768       0x1c ./StdPeriph_Lib/stm32f4xx_gpio.o
                0x08001768                GPIO_ResetBits
 .text.GPIO_PinAFConfig
                0x08001784       0x8c ./StdPeriph_Lib/stm32f4xx_gpio.o
                0x08001784                GPIO_PinAFConfig
 .text.RCC_GetClocksFreq
                0x08001810      0x154 ./StdPeriph_Lib/stm32f4xx_rcc.o
                0x08001810                RCC_GetClocksFreq
 .text.RCC_AHB1PeriphClockCmd
                0x08001964       0x3c ./StdPeriph_Lib/stm32f4xx_rcc.o
                0x08001964                RCC_AHB1PeriphClockCmd
 .text.RCC_APB1PeriphClockCmd
                0x080019a0       0x3c ./StdPeriph_Lib/stm32f4xx_rcc.o
                0x080019a0                RCC_APB1PeriphClockCmd
 .text.TIM_TimeBaseInit
                0x080019dc       0xd4 ./StdPeriph_Lib/stm32f4xx_tim.o
                0x080019dc                TIM_TimeBaseInit
 .text.TIM_ARRPreloadConfig
                0x08001ab0       0x40 ./StdPeriph_Lib/stm32f4xx_tim.o
                0x08001ab0                TIM_ARRPreloadConfig
 .text.TIM_Cmd  0x08001af0       0x40 ./StdPeriph_Lib/stm32f4xx_tim.o
                0x08001af0                TIM_Cmd
 .text.TIM_OC1Init
                0x08001b30       0xf4 ./StdPeriph_Lib/stm32f4xx_tim.o
                0x08001b30                TIM_OC1Init
 .text.TIM_OC1PreloadConfig
                0x08001c24       0x38 ./StdPeriph_Lib/stm32f4xx_tim.o
                0x08001c24                TIM_OC1PreloadConfig
 .text.TIM_CCxCmd
                0x08001c5c       0x54 ./StdPeriph_Lib/stm32f4xx_tim.o
                0x08001c5c                TIM_CCxCmd
 .text.TIM_ITConfig
                0x08001cb0       0x48 ./StdPeriph_Lib/stm32f4xx_tim.o
                0x08001cb0                TIM_ITConfig
 .text.TIM_GetITStatus
                0x08001cf8       0x54 ./StdPeriph_Lib/stm32f4xx_tim.o
                0x08001cf8                TIM_GetITStatus
 .text.TIM_ClearITPendingBit
                0x08001d4c       0x20 ./StdPeriph_Lib/stm32f4xx_tim.o
                0x08001d4c                TIM_ClearITPendingBit
 .text.USART_Init
                0x08001d6c      0x174 ./StdPeriph_Lib/stm32f4xx_usart.o
                0x08001d6c                USART_Init
 .text.USART_StructInit
                0x08001ee0       0x38 ./StdPeriph_Lib/stm32f4xx_usart.o
                0x08001ee0                USART_StructInit
 .text.USART_ClockInit
                0x08001f18       0x54 ./StdPeriph_Lib/stm32f4xx_usart.o
                0x08001f18                USART_ClockInit
 .text.USART_ClockStructInit
                0x08001f6c       0x2c ./StdPeriph_Lib/stm32f4xx_usart.o
                0x08001f6c                USART_ClockStructInit
 .text.USART_Cmd
                0x08001f98       0x40 ./StdPeriph_Lib/stm32f4xx_usart.o
                0x08001f98                USART_Cmd
 .text.USART_SendData
                0x08001fd8       0x24 ./StdPeriph_Lib/stm32f4xx_usart.o
                0x08001fd8                USART_SendData
 .text.USART_ReceiveData
                0x08001ffc       0x20 ./StdPeriph_Lib/stm32f4xx_usart.o
                0x08001ffc                USART_ReceiveData
 .text.USART_ITConfig
                0x0800201c       0x90 ./StdPeriph_Lib/stm32f4xx_usart.o
                0x0800201c                USART_ITConfig
 .text.USART_GetITStatus
                0x080020ac       0xb0 ./StdPeriph_Lib/stm32f4xx_usart.o
                0x080020ac                USART_GetITStatus
 .text.USART_ClearITPendingBit
                0x0800215c       0x38 ./StdPeriph_Lib/stm32f4xx_usart.o
                0x0800215c                USART_ClearITPendingBit
 .text.Reset_Handler
                0x08002194       0x50 ./Startup/startup_stm32f401xx.o
                0x08002194                Reset_Handler
 .text.Default_Handler
                0x080021e4        0x4 ./Startup/startup_stm32f401xx.o
                0x080021e4                RTC_Alarm_IRQHandler
                0x080021e4                EXTI2_IRQHandler
                0x080021e4                TIM1_CC_IRQHandler
                0x080021e4                DMA2_Stream5_IRQHandler
                0x080021e4                DMA1_Stream5_IRQHandler
                0x080021e4                PVD_IRQHandler
                0x080021e4                SDIO_IRQHandler
                0x080021e4                TAMP_STAMP_IRQHandler
                0x080021e4                EXTI3_IRQHandler
                0x080021e4                TIM1_UP_TIM10_IRQHandler
                0x080021e4                I2C3_ER_IRQHandler
                0x080021e4                EXTI0_IRQHandler
                0x080021e4                I2C2_EV_IRQHandler
                0x080021e4                DMA1_Stream2_IRQHandler
                0x080021e4                FPU_IRQHandler
                0x080021e4                DMA2_Stream2_IRQHandler
                0x080021e4                SPI1_IRQHandler
                0x080021e4                TIM1_BRK_TIM9_IRQHandler
                0x080021e4                DMA2_Stream3_IRQHandler
                0x080021e4                USART6_IRQHandler
                0x080021e4                DMA2_Stream0_IRQHandler
                0x080021e4                I2C1_EV_IRQHandler
                0x080021e4                DMA1_Stream6_IRQHandler
                0x080021e4                DMA1_Stream1_IRQHandler
                0x080021e4                RCC_IRQHandler
                0x080021e4                Default_Handler
                0x080021e4                EXTI15_10_IRQHandler
                0x080021e4                ADC_IRQHandler
                0x080021e4                DMA1_Stream7_IRQHandler
                0x080021e4                TIM5_IRQHandler
                0x080021e4                DMA2_Stream7_IRQHandler
                0x080021e4                I2C3_EV_IRQHandler
                0x080021e4                EXTI9_5_IRQHandler
                0x080021e4                RTC_WKUP_IRQHandler
                0x080021e4                SPI2_IRQHandler
                0x080021e4                DMA1_Stream0_IRQHandler
                0x080021e4                EXTI4_IRQHandler
                0x080021e4                WWDG_IRQHandler
                0x080021e4                TIM2_IRQHandler
                0x080021e4                OTG_FS_WKUP_IRQHandler
                0x080021e4                TIM1_TRG_COM_TIM11_IRQHandler
                0x080021e4                EXTI1_IRQHandler
                0x080021e4                I2C2_ER_IRQHandler
                0x080021e4                DMA2_Stream1_IRQHandler
                0x080021e4                FLASH_IRQHandler
                0x080021e4                DMA2_Stream4_IRQHandler
                0x080021e4                USART1_IRQHandler
                0x080021e4                OTG_FS_IRQHandler
                0x080021e4                SPI3_IRQHandler
                0x080021e4                DMA1_Stream4_IRQHandler
                0x080021e4                I2C1_ER_IRQHandler
                0x080021e4                DMA2_Stream6_IRQHandler
                0x080021e4                DMA1_Stream3_IRQHandler
 .text.__libc_init_array
                0x080021e8       0x50 d:/program files (x86)/gnu tools arm embedded/4.8 2013q4/bin/../lib/gcc/arm-none-eabi/4.8.3/../../../../arm-none-eabi/lib/armv7e-m\libc.a(lib_a-init.o)
                0x080021e8                __libc_init_array
 .text.startup.register_fini
                0x08002238       0x14 d:/program files (x86)/gnu tools arm embedded/4.8 2013q4/bin/../lib/gcc/arm-none-eabi/4.8.3/../../../../arm-none-eabi/lib/armv7e-m\libc.a(lib_a-__call_atexit.o)
 .text.atexit   0x0800224c        0xc d:/program files (x86)/gnu tools arm embedded/4.8 2013q4/bin/../lib/gcc/arm-none-eabi/4.8.3/../../../../arm-none-eabi/lib/armv7e-m\libc.a(lib_a-atexit.o)
                0x0800224c                atexit
 .text.__libc_fini_array
                0x08002258       0x30 d:/program files (x86)/gnu tools arm embedded/4.8 2013q4/bin/../lib/gcc/arm-none-eabi/4.8.3/../../../../arm-none-eabi/lib/armv7e-m\libc.a(lib_a-fini.o)
                0x08002258                __libc_fini_array
 .text.__register_exitproc
                0x08002288       0xa8 d:/program files (x86)/gnu tools arm embedded/4.8 2013q4/bin/../lib/gcc/arm-none-eabi/4.8.3/../../../../arm-none-eabi/lib/armv7e-m\libc.a(lib_a-__atexit.o)
                0x08002288                __register_exitproc
 *(.glue_7)
 .glue_7        0x00000000        0x0 linker stubs
 *(.glue_7t)
 .glue_7t       0x00000000        0x0 linker stubs
 *(.eh_frame)
 .eh_frame      0x08002330        0x0 d:/program files (x86)/gnu tools arm embedded/4.8 2013q4/bin/../lib/gcc/arm-none-eabi/4.8.3/armv7e-m/crtbegin.o
 *(.init)
 .init          0x08002330        0x4 d:/program files (x86)/gnu tools arm embedded/4.8 2013q4/bin/../lib/gcc/arm-none-eabi/4.8.3/armv7e-m/crti.o
                0x08002330                _init
 .init          0x08002334        0x8 d:/program files (x86)/gnu tools arm embedded/4.8 2013q4/bin/../lib/gcc/arm-none-eabi/4.8.3/armv7e-m/crtn.o
 *(.fini)
 .fini          0x0800233c        0x4 d:/program files (x86)/gnu tools arm embedded/4.8 2013q4/bin/../lib/gcc/arm-none-eabi/4.8.3/armv7e-m/crti.o
                0x0800233c                _fini
 .fini          0x08002340        0x8 d:/program files (x86)/gnu tools arm embedded/4.8 2013q4/bin/../lib/gcc/arm-none-eabi/4.8.3/armv7e-m/crtn.o
                0x08002348                . = ALIGN (0x4)
                0x08002348                _etext = .

.vfp11_veneer   0x08002348        0x0
 .vfp11_veneer  0x00000000        0x0 linker stubs

.v4_bx          0x08002348        0x0
 .v4_bx         0x00000000        0x0 linker stubs

.iplt           0x08002348        0x0
 .iplt          0x00000000        0x0 d:/program files (x86)/gnu tools arm embedded/4.8 2013q4/bin/../lib/gcc/arm-none-eabi/4.8.3/armv7e-m/crtbegin.o

.rodata         0x08002348       0xbc
                0x08002348                . = ALIGN (0x4)
 *(.rodata)
 *(.rodata*)
 .rodata.LCD_GPIO_PIN
                0x08002348       0x10 ./src/chardisplay.o
                0x08002348                LCD_GPIO_PIN
 .rodata.LCD_GPIO_CLK
                0x08002358       0x20 ./src/chardisplay.o
                0x08002358                LCD_GPIO_CLK
 .rodata.SEVSEG_GPIO_PIN
                0x08002378        0xc ./src/sevenseg.o
                0x08002378                SEVSEG_GPIO_PIN
 .rodata.SEVSEG_GPIO_CLK
                0x08002384       0x14 ./src/sevenseg.o
                0x08002384                SEVSEG_GPIO_CLK
 .rodata.DIG_GPIO_PIN
                0x08002398       0x10 ./src/sevenseg.o
                0x08002398                DIG_GPIO_PIN
 .rodata.DIG_GPIO_CLK
                0x080023a8       0x10 ./src/sevenseg.o
                0x080023a8                DIG_GPIO_CLK
 .rodata.BCD    0x080023b8       0x14 ./src/sevenseg.o
                0x080023b8                BCD
 .rodata.SM_GPIO_PIN
                0x080023cc        0xc ./src/steppermotor.o
                0x080023cc                SM_GPIO_PIN
 .rodata.SM_GPIO_CLK
                0x080023d8       0x18 ./src/steppermotor.o
                0x080023d8                SM_GPIO_CLK
 .rodata.Statemap
                0x080023f0        0xc ./src/steppermotor.o
                0x080023f0                Statemap
 .rodata.str1.4
                0x080023fc        0x4 d:/program files (x86)/gnu tools arm embedded/4.8 2013q4/bin/../lib/gcc/arm-none-eabi/4.8.3/../../../../arm-none-eabi/lib/armv7e-m\libc.a(lib_a-impure.o)
 .rodata._global_impure_ptr
                0x08002400        0x4 d:/program files (x86)/gnu tools arm embedded/4.8 2013q4/bin/../lib/gcc/arm-none-eabi/4.8.3/../../../../arm-none-eabi/lib/armv7e-m\libc.a(lib_a-impure.o)
                0x08002400                _global_impure_ptr
                0x08002404                . = ALIGN (0x4)

.rel.dyn        0x08002404        0x0
 .rel.iplt      0x00000000        0x0 d:/program files (x86)/gnu tools arm embedded/4.8 2013q4/bin/../lib/gcc/arm-none-eabi/4.8.3/armv7e-m/crtbegin.o

.ARM.extab
 *(.ARM.extab* .gnu.linkonce.armextab.*)

.ARM            0x08002404        0x0
                0x08002404                __exidx_start = .
 *(.ARM.exidx*)
                0x08002404                __exidx_end = .

.preinit_array  0x08002404        0x0
                0x08002404                PROVIDE (__preinit_array_start, .)
 *(.preinit_array*)
                0x08002404                PROVIDE (__preinit_array_end, .)

.init_array     0x08002404        0x8
                0x08002404                PROVIDE (__init_array_start, .)
 *(SORT(.init_array.*))
 .init_array.00000
                0x08002404        0x4 d:/program files (x86)/gnu tools arm embedded/4.8 2013q4/bin/../lib/gcc/arm-none-eabi/4.8.3/../../../../arm-none-eabi/lib/armv7e-m\libc.a(lib_a-__call_atexit.o)
 *(.init_array*)
 .init_array    0x08002408        0x4 d:/program files (x86)/gnu tools arm embedded/4.8 2013q4/bin/../lib/gcc/arm-none-eabi/4.8.3/armv7e-m/crtbegin.o
                0x0800240c                PROVIDE (__init_array_end, .)

.fini_array     0x0800240c        0x4
                0x0800240c                PROVIDE (__fini_array_start, .)
 *(SORT(.fini_array.*))
 *(.fini_array*)
 .fini_array    0x0800240c        0x4 d:/program files (x86)/gnu tools arm embedded/4.8 2013q4/bin/../lib/gcc/arm-none-eabi/4.8.3/armv7e-m/crtbegin.o
                0x08002410                PROVIDE (__fini_array_end, .)
                0x08002410                _sidata = LOADADDR (.data)

.data           0x20000000      0x498 load address 0x08002410
                0x20000000                . = ALIGN (0x4)
                0x20000000                _sdata = .
 *(.data)
 *(.data*)
 .data.LCD_GPIO_PORT
                0x20000000       0x20 ./src/chardisplay.o
                0x20000000                LCD_GPIO_PORT
 .data.SEVSEG_GPIO_PORT
                0x20000020       0x14 ./src/sevenseg.o
                0x20000020                SEVSEG_GPIO_PORT
 .data.DIG_GPIO_PORT
                0x20000034       0x10 ./src/sevenseg.o
                0x20000034                DIG_GPIO_PORT
 .data.SM_GPIO_PORT
                0x20000044       0x18 ./src/steppermotor.o
                0x20000044                SM_GPIO_PORT
 .data.SystemCoreClock
                0x2000005c        0x4 ./src/system_stm32f4xx.o
                0x2000005c                SystemCoreClock
 .data.APBAHBPrescTable
                0x20000060       0x10 ./StdPeriph_Lib/stm32f4xx_rcc.o
 .data.impure_data
                0x20000070      0x428 d:/program files (x86)/gnu tools arm embedded/4.8 2013q4/bin/../lib/gcc/arm-none-eabi/4.8.3/../../../../arm-none-eabi/lib/armv7e-m\libc.a(lib_a-impure.o)
                0x20000498                . = ALIGN (0x4)
                0x20000498                _edata = .
                0x080028a8                _siccmram = LOADADDR (.ccmram)

.jcr            0x20000498        0x0 load address 0x080028a8
 .jcr           0x20000498        0x0 d:/program files (x86)/gnu tools arm embedded/4.8 2013q4/bin/../lib/gcc/arm-none-eabi/4.8.3/armv7e-m/crtbegin.o

.igot.plt       0x20000498        0x0 load address 0x080028a8
 .igot.plt      0x00000000        0x0 d:/program files (x86)/gnu tools arm embedded/4.8 2013q4/bin/../lib/gcc/arm-none-eabi/4.8.3/armv7e-m/crtbegin.o

.ccmram         0x10000000        0x0 load address 0x080028a8
                0x10000000                . = ALIGN (0x4)
                0x10000000                _sccmram = .
 *(.ccmram)
 *(.ccmram*)
                0x10000000                . = ALIGN (0x4)
                0x10000000                _eccmram = .
                0x10000000                . = ALIGN (0x4)

.bss            0x20000498       0xfc
                0x20000498                _sbss = .
                0x20000498                __bss_start__ = _sbss
 *(.bss)
 .bss           0x20000498       0x1c d:/program files (x86)/gnu tools arm embedded/4.8 2013q4/bin/../lib/gcc/arm-none-eabi/4.8.3/armv7e-m/crtbegin.o
 *(.bss*)
 .bss.DigSelVector
                0x200004b4        0x4 ./src/sevenseg.o
                0x200004b4                DigSelVector
 .bss.curDig    0x200004b8        0x4 ./src/sevenseg.o
                0x200004b8                curDig
 .bss.nextDig   0x200004bc        0x4 ./src/sevenseg.o
                0x200004bc                nextDig
 .bss.srOutByte
                0x200004c0        0x2 ./src/sevenseg.o
                0x200004c0                srOutByte
 .bss.srTxMask  0x200004c2        0x2 ./src/sevenseg.o
                0x200004c2                srTxMask
 .bss.srTxTrig  0x200004c4        0x2 ./src/sevenseg.o
                0x200004c4                srTxTrig
 .bss.srBusy    0x200004c6        0x2 ./src/sevenseg.o
                0x200004c6                srBusy
 .bss.Stepper_ForwardFlag
                0x200004c8        0x2 ./src/steppermotor.o
                0x200004c8                Stepper_ForwardFlag
 .bss.Stepper_BackwardFlag
                0x200004ca        0x2 ./src/steppermotor.o
                0x200004ca                Stepper_BackwardFlag
 *(COMMON)
 COMMON         0x200004cc        0x4 ./src/chardisplay.o
                0x200004cc                LCD_TimingDelay
 COMMON         0x200004d0       0xa8 ./src/main_newbuffer7seg.o
                0x200004d0                TXbuffer
                0x200004e4                RxRingBuf
                0x2000053c                TxRingBuf
                0x20000570                TimingDelay
                0x20000574                RXbyte
                0x20000576                rxval
 COMMON         0x20000578        0xc ./src/sevenseg.o
                0x20000578                srClk_T
                0x2000057c                srClk_pulse
                0x20000580                SevenSeg_PrescalerValue
 COMMON         0x20000584       0x10 ./src/steppermotor.o
                0x20000584                SMClk_pulse
                0x20000588                currentState
                0x2000058c                Stepper_PrescalerValue
                0x20000590                SMClk_T
                0x20000594                . = ALIGN (0x4)
                0x20000594                _ebss = .
                0x20000594                __bss_end__ = _ebss

._user_heap_stack
                0x20000594      0x400
                0x20000594                . = ALIGN (0x4)
                0x20000594                PROVIDE (end, .)
                0x20000594                PROVIDE (_end, .)
                0x20000594                . = (. + _Min_Heap_Size)
                0x20000994                . = (. + _Min_Stack_Size)
 *fill*         0x20000594      0x400 
                0x20000994                . = ALIGN (0x4)

.memory_b1_text
 *(.mb1text)
 *(.mb1text*)
 *(.mb1rodata)
 *(.mb1rodata*)

/DISCARD/
 libc.a(*)
 libm.a(*)
 libgcc.a(*)

.ARM.attributes
                0x00000000       0x2a
 *(.ARM.attributes)
 .ARM.attributes
                0x00000000       0x1e d:/program files (x86)/gnu tools arm embedded/4.8 2013q4/bin/../lib/gcc/arm-none-eabi/4.8.3/armv7e-m/crti.o
 .ARM.attributes
                0x0000001e       0x2e d:/program files (x86)/gnu tools arm embedded/4.8 2013q4/bin/../lib/gcc/arm-none-eabi/4.8.3/armv7e-m/crtbegin.o
 .ARM.attributes
                0x0000004c       0x33 ./uartbuffer/uartbuffer.o
 .ARM.attributes
                0x0000007f       0x33 ./src/chardisplay.o
 .ARM.attributes
                0x000000b2       0x33 ./src/main_newbuffer7seg.o
 .ARM.attributes
                0x000000e5       0x33 ./src/sevenseg.o
 .ARM.attributes
                0x00000118       0x33 ./src/steppermotor.o
 .ARM.attributes
                0x0000014b       0x33 ./src/stm32f4xx_it.o
 .ARM.attributes
                0x0000017e       0x33 ./src/system_stm32f4xx.o
 .ARM.attributes
                0x000001b1       0x33 ./StdPeriph_Lib/misc.o
 .ARM.attributes
                0x000001e4       0x33 ./StdPeriph_Lib/stm32f4xx_gpio.o
 .ARM.attributes
                0x00000217       0x33 ./StdPeriph_Lib/stm32f4xx_rcc.o
 .ARM.attributes
                0x0000024a       0x33 ./StdPeriph_Lib/stm32f4xx_tim.o
 .ARM.attributes
                0x0000027d       0x33 ./StdPeriph_Lib/stm32f4xx_usart.o
 .ARM.attributes
                0x000002b0       0x21 ./Startup/startup_stm32f401xx.o
 .ARM.attributes
                0x000002d1       0x2e d:/program files (x86)/gnu tools arm embedded/4.8 2013q4/bin/../lib/gcc/arm-none-eabi/4.8.3/../../../../arm-none-eabi/lib/armv7e-m\libc.a(lib_a-impure.o)
 .ARM.attributes
                0x000002ff       0x2e d:/program files (x86)/gnu tools arm embedded/4.8 2013q4/bin/../lib/gcc/arm-none-eabi/4.8.3/../../../../arm-none-eabi/lib/armv7e-m\libc.a(lib_a-init.o)
 .ARM.attributes
                0x0000032d       0x2e d:/program files (x86)/gnu tools arm embedded/4.8 2013q4/bin/../lib/gcc/arm-none-eabi/4.8.3/../../../../arm-none-eabi/lib/armv7e-m\libc.a(lib_a-__call_atexit.o)
 .ARM.attributes
                0x0000035b       0x2e d:/program files (x86)/gnu tools arm embedded/4.8 2013q4/bin/../lib/gcc/arm-none-eabi/4.8.3/../../../../arm-none-eabi/lib/armv7e-m\libc.a(lib_a-atexit.o)
 .ARM.attributes
                0x00000389       0x2e d:/program files (x86)/gnu tools arm embedded/4.8 2013q4/bin/../lib/gcc/arm-none-eabi/4.8.3/../../../../arm-none-eabi/lib/armv7e-m\libc.a(lib_a-fini.o)
 .ARM.attributes
                0x000003b7       0x2e d:/program files (x86)/gnu tools arm embedded/4.8 2013q4/bin/../lib/gcc/arm-none-eabi/4.8.3/../../../../arm-none-eabi/lib/armv7e-m\libc.a(lib_a-__atexit.o)
 .ARM.attributes
                0x000003e5       0x1e d:/program files (x86)/gnu tools arm embedded/4.8 2013q4/bin/../lib/gcc/arm-none-eabi/4.8.3/armv7e-m/crtn.o
OUTPUT(Dashboard.elf elf32-littlearm)

.debug_info     0x00000000     0x711d
 .debug_info    0x00000000      0x1a6 ./uartbuffer/uartbuffer.o
 .debug_info    0x000001a6      0x5f8 ./src/chardisplay.o
 .debug_info    0x0000079e      0xe1e ./src/main_newbuffer7seg.o
 .debug_info    0x000015bc      0xbf8 ./src/sevenseg.o
 .debug_info    0x000021b4      0x9c0 ./src/steppermotor.o
 .debug_info    0x00002b74      0x170 ./src/stm32f4xx_it.o
 .debug_info    0x00002ce4      0x58f ./src/system_stm32f4xx.o
 .debug_info    0x00003273      0x520 ./StdPeriph_Lib/misc.o
 .debug_info    0x00003793      0x5dd ./StdPeriph_Lib/stm32f4xx_gpio.o
 .debug_info    0x00003d70      0xdda ./StdPeriph_Lib/stm32f4xx_rcc.o
 .debug_info    0x00004b4a     0x1c39 ./StdPeriph_Lib/stm32f4xx_tim.o
 .debug_info    0x00006783      0x99a ./StdPeriph_Lib/stm32f4xx_usart.o

.debug_abbrev   0x00000000     0x1269
 .debug_abbrev  0x00000000       0xec ./uartbuffer/uartbuffer.o
 .debug_abbrev  0x000000ec      0x1b2 ./src/chardisplay.o
 .debug_abbrev  0x0000029e      0x289 ./src/main_newbuffer7seg.o
 .debug_abbrev  0x00000527      0x219 ./src/sevenseg.o
 .debug_abbrev  0x00000740      0x1a7 ./src/steppermotor.o
 .debug_abbrev  0x000008e7       0xab ./src/stm32f4xx_it.o
 .debug_abbrev  0x00000992      0x14a ./src/system_stm32f4xx.o
 .debug_abbrev  0x00000adc      0x148 ./StdPeriph_Lib/misc.o
 .debug_abbrev  0x00000c24      0x1a6 ./StdPeriph_Lib/stm32f4xx_gpio.o
 .debug_abbrev  0x00000dca      0x1bd ./StdPeriph_Lib/stm32f4xx_rcc.o
 .debug_abbrev  0x00000f87      0x18a ./StdPeriph_Lib/stm32f4xx_tim.o
 .debug_abbrev  0x00001111      0x158 ./StdPeriph_Lib/stm32f4xx_usart.o

.debug_aranges  0x00000000      0x988
 .debug_aranges
                0x00000000       0x30 ./uartbuffer/uartbuffer.o
 .debug_aranges
                0x00000030       0xb8 ./src/chardisplay.o
 .debug_aranges
                0x000000e8       0x70 ./src/main_newbuffer7seg.o
 .debug_aranges
                0x00000158       0xa0 ./src/sevenseg.o
 .debug_aranges
                0x000001f8       0x88 ./src/steppermotor.o
 .debug_aranges
                0x00000280       0x60 ./src/stm32f4xx_it.o
 .debug_aranges
                0x000002e0       0x30 ./src/system_stm32f4xx.o
 .debug_aranges
                0x00000310       0x40 ./StdPeriph_Lib/misc.o
 .debug_aranges
                0x00000350       0x88 ./StdPeriph_Lib/stm32f4xx_gpio.o
 .debug_aranges
                0x000003d8      0x1b8 ./StdPeriph_Lib/stm32f4xx_rcc.o
 .debug_aranges
                0x00000590      0x2f8 ./StdPeriph_Lib/stm32f4xx_tim.o
 .debug_aranges
                0x00000888      0x100 ./StdPeriph_Lib/stm32f4xx_usart.o

.debug_ranges   0x00000000      0x8e8
 .debug_ranges  0x00000000       0x20 ./uartbuffer/uartbuffer.o
 .debug_ranges  0x00000020       0xa8 ./src/chardisplay.o
 .debug_ranges  0x000000c8       0x80 ./src/main_newbuffer7seg.o
 .debug_ranges  0x00000148       0x90 ./src/sevenseg.o
 .debug_ranges  0x000001d8       0x78 ./src/steppermotor.o
 .debug_ranges  0x00000250       0x50 ./src/stm32f4xx_it.o
 .debug_ranges  0x000002a0       0x20 ./src/system_stm32f4xx.o
 .debug_ranges  0x000002c0       0x30 ./StdPeriph_Lib/misc.o
 .debug_ranges  0x000002f0       0x78 ./StdPeriph_Lib/stm32f4xx_gpio.o
 .debug_ranges  0x00000368      0x1a8 ./StdPeriph_Lib/stm32f4xx_rcc.o
 .debug_ranges  0x00000510      0x2e8 ./StdPeriph_Lib/stm32f4xx_tim.o
 .debug_ranges  0x000007f8       0xf0 ./StdPeriph_Lib/stm32f4xx_usart.o

.debug_macro    0x00000000     0xf352
 .debug_macro   0x00000000      0x18a ./uartbuffer/uartbuffer.o
 .debug_macro   0x0000018a      0x868 ./uartbuffer/uartbuffer.o
 .debug_macro   0x000009f2       0x64 ./uartbuffer/uartbuffer.o
 .debug_macro   0x00000a56       0x3b ./uartbuffer/uartbuffer.o
 .debug_macro   0x00000a91       0x52 ./uartbuffer/uartbuffer.o
 .debug_macro   0x00000ae3       0x16 ./uartbuffer/uartbuffer.o
 .debug_macro   0x00000af9       0x35 ./uartbuffer/uartbuffer.o
 .debug_macro   0x00000b2e       0xa2 ./uartbuffer/uartbuffer.o
 .debug_macro   0x00000bd0      0x20e ./uartbuffer/uartbuffer.o
 .debug_macro   0x00000dde       0x2d ./uartbuffer/uartbuffer.o
 .debug_macro   0x00000e0b       0x42 ./uartbuffer/uartbuffer.o
 .debug_macro   0x00000e4d      0xd39 ./uartbuffer/uartbuffer.o
 .debug_macro   0x00001b86     0x796c ./uartbuffer/uartbuffer.o
 .debug_macro   0x000094f2       0x16 ./uartbuffer/uartbuffer.o
 .debug_macro   0x00009508      0x44f ./uartbuffer/uartbuffer.o
 .debug_macro   0x00009957       0xb2 ./uartbuffer/uartbuffer.o
 .debug_macro   0x00009a09      0x477 ./uartbuffer/uartbuffer.o
 .debug_macro   0x00009e80       0xae ./uartbuffer/uartbuffer.o
 .debug_macro   0x00009f2e      0x41c ./uartbuffer/uartbuffer.o
 .debug_macro   0x0000a34a      0x29d ./uartbuffer/uartbuffer.o
 .debug_macro   0x0000a5e7      0x2bb ./uartbuffer/uartbuffer.o
 .debug_macro   0x0000a8a2       0x64 ./uartbuffer/uartbuffer.o
 .debug_macro   0x0000a906       0xcd ./uartbuffer/uartbuffer.o
 .debug_macro   0x0000a9d3      0x628 ./uartbuffer/uartbuffer.o
 .debug_macro   0x0000affb       0x40 ./uartbuffer/uartbuffer.o
 .debug_macro   0x0000b03b      0x57b ./uartbuffer/uartbuffer.o
 .debug_macro   0x0000b5b6      0x342 ./uartbuffer/uartbuffer.o
 .debug_macro   0x0000b8f8      0x36c ./uartbuffer/uartbuffer.o
 .debug_macro   0x0000bc64       0xf0 ./uartbuffer/uartbuffer.o
 .debug_macro   0x0000bd54      0x73b ./uartbuffer/uartbuffer.o
 .debug_macro   0x0000c48f      0x223 ./uartbuffer/uartbuffer.o
 .debug_macro   0x0000c6b2       0x34 ./uartbuffer/uartbuffer.o
 .debug_macro   0x0000c6e6       0x82 ./uartbuffer/uartbuffer.o
 .debug_macro   0x0000c768       0x35 ./uartbuffer/uartbuffer.o
 .debug_macro   0x0000c79d      0x18f ./src/chardisplay.o
 .debug_macro   0x0000c92c       0xc4 ./src/chardisplay.o
 .debug_macro   0x0000c9f0      0x1b4 ./src/main_newbuffer7seg.o
 .debug_macro   0x0000cba4       0x82 ./src/main_newbuffer7seg.o
 .debug_macro   0x0000cc26      0x142 ./src/main_newbuffer7seg.o
 .debug_macro   0x0000cd68       0xca ./src/main_newbuffer7seg.o
 .debug_macro   0x0000ce32       0xd0 ./src/main_newbuffer7seg.o
 .debug_macro   0x0000cf02      0x18f ./src/sevenseg.o
 .debug_macro   0x0000d091      0x13c ./src/sevenseg.o
 .debug_macro   0x0000d1cd      0x18f ./src/steppermotor.o
 .debug_macro   0x0000d35c       0xca ./src/steppermotor.o
 .debug_macro   0x0000d426      0x1a8 ./src/stm32f4xx_it.o
 .debug_macro   0x0000d5ce       0x88 ./src/stm32f4xx_it.o
 .debug_macro   0x0000d656      0x1b1 ./src/system_stm32f4xx.o
 .debug_macro   0x0000d807      0x190 ./StdPeriph_Lib/misc.o
 .debug_macro   0x0000d997       0x7c ./StdPeriph_Lib/misc.o
 .debug_macro   0x0000da13      0x18a ./StdPeriph_Lib/stm32f4xx_gpio.o
 .debug_macro   0x0000db9d      0x297 ./StdPeriph_Lib/stm32f4xx_gpio.o
 .debug_macro   0x0000de34      0x254 ./StdPeriph_Lib/stm32f4xx_rcc.o
 .debug_macro   0x0000e088      0x622 ./StdPeriph_Lib/stm32f4xx_rcc.o
 .debug_macro   0x0000e6aa      0x1b4 ./StdPeriph_Lib/stm32f4xx_tim.o
 .debug_macro   0x0000e85e      0x735 ./StdPeriph_Lib/stm32f4xx_tim.o
 .debug_macro   0x0000ef93      0x1a2 ./StdPeriph_Lib/stm32f4xx_usart.o
 .debug_macro   0x0000f135      0x21d ./StdPeriph_Lib/stm32f4xx_usart.o

.debug_line     0x00000000     0x59eb
 .debug_line    0x00000000      0x577 ./uartbuffer/uartbuffer.o
 .debug_line    0x00000577      0x6fc ./src/chardisplay.o
 .debug_line    0x00000c73      0x776 ./src/main_newbuffer7seg.o
 .debug_line    0x000013e9      0x6d8 ./src/sevenseg.o
 .debug_line    0x00001ac1      0x66a ./src/steppermotor.o
 .debug_line    0x0000212b      0x659 ./src/stm32f4xx_it.o
 .debug_line    0x00002784      0x5bd ./src/system_stm32f4xx.o
 .debug_line    0x00002d41      0x5e1 ./StdPeriph_Lib/misc.o
 .debug_line    0x00003322      0x6d7 ./StdPeriph_Lib/stm32f4xx_gpio.o
 .debug_line    0x000039f9      0x9d4 ./StdPeriph_Lib/stm32f4xx_rcc.o
 .debug_line    0x000043cd      0xdf8 ./StdPeriph_Lib/stm32f4xx_tim.o
 .debug_line    0x000051c5      0x826 ./StdPeriph_Lib/stm32f4xx_usart.o

.debug_str      0x00000000    0x54487
 .debug_str     0x00000000    0x50547 ./uartbuffer/uartbuffer.o
                              0x50630 (size before relaxing)
 .debug_str     0x00050547      0x6ed ./src/chardisplay.o
                              0x50ca2 (size before relaxing)
 .debug_str     0x00050c34     0x1217 ./src/main_newbuffer7seg.o
                              0x51d6d (size before relaxing)
 .debug_str     0x00051e4b      0x2cd ./src/sevenseg.o
                              0x513dd (size before relaxing)
 .debug_str     0x00052118      0x19d ./src/steppermotor.o
                              0x51236 (size before relaxing)
 .debug_str     0x000522b5       0xd7 ./src/stm32f4xx_it.o
                              0x50c63 (size before relaxing)
 .debug_str     0x0005238c      0x215 ./src/system_stm32f4xx.o
                              0x50847 (size before relaxing)
 .debug_str     0x000525a1      0x168 ./StdPeriph_Lib/misc.o
                              0x5082d (size before relaxing)
 .debug_str     0x00052709      0x1cf ./StdPeriph_Lib/stm32f4xx_gpio.o
                              0x508cd (size before relaxing)
 .debug_str     0x000528d8      0xc2e ./StdPeriph_Lib/stm32f4xx_rcc.o
                              0x51386 (size before relaxing)
 .debug_str     0x00053506      0xae7 ./StdPeriph_Lib/stm32f4xx_tim.o
                              0x512c1 (size before relaxing)
 .debug_str     0x00053fed      0x49a ./StdPeriph_Lib/stm32f4xx_usart.o
                              0x50bdd (size before relaxing)

.comment        0x00000000       0x70
 .comment       0x00000000       0x70 ./uartbuffer/uartbuffer.o
                                 0x71 (size before relaxing)
 .comment       0x00000000       0x71 ./src/chardisplay.o
 .comment       0x00000000       0x71 ./src/main_newbuffer7seg.o
 .comment       0x00000000       0x71 ./src/sevenseg.o
 .comment       0x00000000       0x71 ./src/steppermotor.o
 .comment       0x00000000       0x71 ./src/stm32f4xx_it.o
 .comment       0x00000000       0x71 ./src/system_stm32f4xx.o
 .comment       0x00000000       0x71 ./StdPeriph_Lib/misc.o
 .comment       0x00000000       0x71 ./StdPeriph_Lib/stm32f4xx_gpio.o
 .comment       0x00000000       0x71 ./StdPeriph_Lib/stm32f4xx_rcc.o
 .comment       0x00000000       0x71 ./StdPeriph_Lib/stm32f4xx_tim.o
 .comment       0x00000000       0x71 ./StdPeriph_Lib/stm32f4xx_usart.o

.debug_frame    0x00000000     0x1f5c
 .debug_frame   0x00000000       0x64 ./uartbuffer/uartbuffer.o
 .debug_frame   0x00000064      0x260 ./src/chardisplay.o
 .debug_frame   0x000002c4      0x150 ./src/main_newbuffer7seg.o
 .debug_frame   0x00000414      0x200 ./src/sevenseg.o
 .debug_frame   0x00000614      0x198 ./src/steppermotor.o
 .debug_frame   0x000007ac       0xec ./src/stm32f4xx_it.o
 .debug_frame   0x00000898       0x64 ./src/system_stm32f4xx.o
 .debug_frame   0x000008fc       0x9c ./StdPeriph_Lib/misc.o
 .debug_frame   0x00000998      0x19c ./StdPeriph_Lib/stm32f4xx_gpio.o
 .debug_frame   0x00000b34      0x5b8 ./StdPeriph_Lib/stm32f4xx_rcc.o
 .debug_frame   0x000010ec      0xa3c ./StdPeriph_Lib/stm32f4xx_tim.o
 .debug_frame   0x00001b28      0x344 ./StdPeriph_Lib/stm32f4xx_usart.o
 .debug_frame   0x00001e6c       0x2c d:/program files (x86)/gnu tools arm embedded/4.8 2013q4/bin/../lib/gcc/arm-none-eabi/4.8.3/../../../../arm-none-eabi/lib/armv7e-m\libc.a(lib_a-init.o)
 .debug_frame   0x00001e98       0x48 d:/program files (x86)/gnu tools arm embedded/4.8 2013q4/bin/../lib/gcc/arm-none-eabi/4.8.3/../../../../arm-none-eabi/lib/armv7e-m\libc.a(lib_a-__call_atexit.o)
 .debug_frame   0x00001ee0       0x20 d:/program files (x86)/gnu tools arm embedded/4.8 2013q4/bin/../lib/gcc/arm-none-eabi/4.8.3/../../../../arm-none-eabi/lib/armv7e-m\libc.a(lib_a-atexit.o)
 .debug_frame   0x00001f00       0x2c d:/program files (x86)/gnu tools arm embedded/4.8 2013q4/bin/../lib/gcc/arm-none-eabi/4.8.3/../../../../arm-none-eabi/lib/armv7e-m\libc.a(lib_a-fini.o)
 .debug_frame   0x00001f2c       0x30 d:/program files (x86)/gnu tools arm embedded/4.8 2013q4/bin/../lib/gcc/arm-none-eabi/4.8.3/../../../../arm-none-eabi/lib/armv7e-m\libc.a(lib_a-__atexit.o)
